// Jest Snapshot v1, https://goo.gl/fbAQLP

exports[`Validator class tests Validator class method tests can can take an object and throw an error 1`] = `undefined`;

exports[`Validator class tests Validator class method tests can take an object and return a field's value 1`] = `undefined`;

exports[`Validator class tests Validator class method tests can take an object and return a field's value 2`] = `"received is not a function"`;

exports[`Validator class tests Validator class method tests can take an object and throw an error 1`] = `undefined`;
